// Jest Snapshot v1, https://goo.gl/fbAQLP

exports[`HeaderBar render correctly 1`] = `
<div>
  <a
    aria-pressed="true"
    onClick={[Function]}
    role="button"
    style={
      Object {
        "cursor": "pointer",
        "margin": 10,
        "textDecoration": "underline",
      }
    }
  >
    English
  </a>
  <a
    aria-pressed="true"
    onClick={[Function]}
    role="button"
    style={
      Object {
        "cursor": "pointer",
        "margin": 10,
        "textDecoration": "underline",
      }
    }
  >
    日本語
  </a>
</div>
`;
