// Jest Snapshot v1, https://goo.gl/fbAQLP

exports[`Social render correctly 1`] = `
<div>
  <div>
    <a
      href="https://webneko.dev/"
      rel="noopener noreferrer"
      target="_blank"
    >
      Web猫ブログ
    </a>
  </div>
  <div>
    <a
      href="https://twitter.com/jiyuujinlab"
      rel="noopener noreferrer"
      target="_blank"
    >
      @jiyuujin
    </a>
  </div>
</div>
`;
